
optiboot_lgt8f328ps20_noee.elf：     文件格式 elf32-avr

节：
Idx Name          Size      VMA       LMA       File off  Algn
  0 .data         00000000  00800100  00007ff0  00000464  2**0
                  CONTENTS, ALLOC, LOAD, DATA
  1 .bootv        00000004  00000000  00000000  00000464  2**0
                  CONTENTS, READONLY
  2 .text         000003f0  00007c00  00007c00  00000074  2**1
                  CONTENTS, ALLOC, LOAD, READONLY, CODE
  3 .version      00000002  00007ffe  00007ffe  00000468  2**0
                  CONTENTS, READONLY
  4 .stab         00001080  00000000  00000000  0000046c  2**2
                  CONTENTS, READONLY, DEBUGGING
  5 .stabstr      00000dd0  00000000  00000000  000014ec  2**0
                  CONTENTS, READONLY, DEBUGGING
  6 .comment      00000011  00000000  00000000  000022bc  2**0
                  CONTENTS, READONLY

Disassembly of section .text:

00007c00 <main>:
    7c00:	11 24       	eor	r1, r1
    7c02:	8f ef       	ldi	r24, 0xFF	; 255
    7c04:	98 e0       	ldi	r25, 0x08	; 8
    7c06:	9e bf       	out	0x3e, r25	; 62
    7c08:	8d bf       	out	0x3d, r24	; 61
    7c0a:	84 b7       	in	r24, 0x34	; 52
    7c0c:	14 be       	out	0x34, r1	; 52
    7c0e:	81 ff       	sbrs	r24, 1
    7c10:	be c1       	rjmp	.+892    	; 0x7f8e <main+0x38e>
    7c12:	80 91 66 00 	lds	r24, 0x0066	; 0x800066 <__TEXT_REGION_LENGTH__+0x7e0066>
    7c16:	86 30       	cpi	r24, 0x06	; 6
    7c18:	08 f4       	brcc	.+2      	; 0x7c1c <main+0x1c>
    7c1a:	b6 c1       	rjmp	.+876    	; 0x7f88 <main+0x388>
    7c1c:	80 91 66 00 	lds	r24, 0x0066	; 0x800066 <__TEXT_REGION_LENGTH__+0x7e0066>
    7c20:	86 50       	subi	r24, 0x06	; 6
    7c22:	80 93 66 00 	sts	0x0066, r24	; 0x800066 <__TEXT_REGION_LENGTH__+0x7e0066>
    7c26:	80 e8       	ldi	r24, 0x80	; 128
    7c28:	80 93 f2 00 	sts	0x00F2, r24	; 0x8000f2 <__TEXT_REGION_LENGTH__+0x7e00f2>
    7c2c:	93 e9       	ldi	r25, 0x93	; 147
    7c2e:	90 93 f2 00 	sts	0x00F2, r25	; 0x8000f2 <__TEXT_REGION_LENGTH__+0x7e00f2>
    7c32:	80 93 61 00 	sts	0x0061, r24	; 0x800061 <__TEXT_REGION_LENGTH__+0x7e0061>
    7c36:	91 e0       	ldi	r25, 0x01	; 1
    7c38:	90 93 61 00 	sts	0x0061, r25	; 0x800061 <__TEXT_REGION_LENGTH__+0x7e0061>
    7c3c:	80 93 ee 00 	sts	0x00EE, r24	; 0x8000ee <__TEXT_REGION_LENGTH__+0x7e00ee>
    7c40:	87 e4       	ldi	r24, 0x47	; 71
    7c42:	80 93 ee 00 	sts	0x00EE, r24	; 0x8000ee <__TEXT_REGION_LENGTH__+0x7e00ee>
    7c46:	85 e0       	ldi	r24, 0x05	; 5
    7c48:	80 93 81 00 	sts	0x0081, r24	; 0x800081 <__TEXT_REGION_LENGTH__+0x7e0081>
    7c4c:	82 e0       	ldi	r24, 0x02	; 2
    7c4e:	80 93 c0 00 	sts	0x00C0, r24	; 0x8000c0 <__TEXT_REGION_LENGTH__+0x7e00c0>
    7c52:	88 e1       	ldi	r24, 0x18	; 24
    7c54:	80 93 c1 00 	sts	0x00C1, r24	; 0x8000c1 <__TEXT_REGION_LENGTH__+0x7e00c1>
    7c58:	90 e1       	ldi	r25, 0x10	; 16
    7c5a:	90 93 c4 00 	sts	0x00C4, r25	; 0x8000c4 <__TEXT_REGION_LENGTH__+0x7e00c4>
    7c5e:	80 93 60 00 	sts	0x0060, r24	; 0x800060 <__TEXT_REGION_LENGTH__+0x7e0060>
    7c62:	8d e0       	ldi	r24, 0x0D	; 13
    7c64:	80 93 60 00 	sts	0x0060, r24	; 0x800060 <__TEXT_REGION_LENGTH__+0x7e0060>
    7c68:	25 9a       	sbi	0x04, 5	; 4
    7c6a:	86 e0       	ldi	r24, 0x06	; 6
    7c6c:	40 e3       	ldi	r20, 0x30	; 48
    7c6e:	5c ef       	ldi	r21, 0xFC	; 252
    7c70:	31 e0       	ldi	r19, 0x01	; 1
    7c72:	20 e2       	ldi	r18, 0x20	; 32
    7c74:	50 93 85 00 	sts	0x0085, r21	; 0x800085 <__TEXT_REGION_LENGTH__+0x7e0085>
    7c78:	40 93 84 00 	sts	0x0084, r20	; 0x800084 <__TEXT_REGION_LENGTH__+0x7e0084>
    7c7c:	36 bb       	out	0x16, r19	; 22
    7c7e:	b0 9b       	sbis	0x16, 0	; 22
    7c80:	fe cf       	rjmp	.-4      	; 0x7c7e <main+0x7e>
    7c82:	95 b1       	in	r25, 0x05	; 5
    7c84:	92 27       	eor	r25, r18
    7c86:	95 b9       	out	0x05, r25	; 5
    7c88:	a8 95       	wdr
    7c8a:	81 50       	subi	r24, 0x01	; 1
    7c8c:	99 f7       	brne	.-26     	; 0x7c74 <main+0x74>
    7c8e:	00 e0       	ldi	r16, 0x00	; 0
    7c90:	10 e0       	ldi	r17, 0x00	; 0
    7c92:	21 2c       	mov	r2, r1
    7c94:	31 2c       	mov	r3, r1
    7c96:	21 01       	movw	r4, r2
    7c98:	ee 24       	eor	r14, r14
    7c9a:	e3 94       	inc	r14
    7c9c:	32 e0       	ldi	r19, 0x02	; 2
    7c9e:	f3 2e       	mov	r15, r19
    7ca0:	43 e0       	ldi	r20, 0x03	; 3
    7ca2:	74 2e       	mov	r7, r20
    7ca4:	54 ea       	ldi	r21, 0xA4	; 164
    7ca6:	c5 2e       	mov	r12, r21
    7ca8:	62 ea       	ldi	r22, 0xA2	; 162
    7caa:	d6 2e       	mov	r13, r22
    7cac:	16 c0       	rjmp	.+44     	; 0x7cda <main+0xda>
    7cae:	82 34       	cpi	r24, 0x42	; 66
    7cb0:	11 f1       	breq	.+68     	; 0x7cf6 <main+0xf6>
    7cb2:	85 34       	cpi	r24, 0x45	; 69
    7cb4:	19 f1       	breq	.+70     	; 0x7cfc <main+0xfc>
    7cb6:	85 35       	cpi	r24, 0x55	; 85
    7cb8:	49 f1       	breq	.+82     	; 0x7d0c <main+0x10c>
    7cba:	86 35       	cpi	r24, 0x56	; 86
    7cbc:	11 f1       	breq	.+68     	; 0x7d02 <main+0x102>
    7cbe:	84 36       	cpi	r24, 0x64	; 100
    7cc0:	09 f4       	brne	.+2      	; 0x7cc4 <main+0xc4>
    7cc2:	35 c0       	rjmp	.+106    	; 0x7d2e <main+0x12e>
    7cc4:	84 37       	cpi	r24, 0x74	; 116
    7cc6:	09 f4       	brne	.+2      	; 0x7cca <main+0xca>
    7cc8:	b0 c0       	rjmp	.+352    	; 0x7e2a <main+0x22a>
    7cca:	85 37       	cpi	r24, 0x75	; 117
    7ccc:	09 f4       	brne	.+2      	; 0x7cd0 <main+0xd0>
    7cce:	02 c1       	rjmp	.+516    	; 0x7ed4 <main+0x2d4>
    7cd0:	81 35       	cpi	r24, 0x51	; 81
    7cd2:	29 f1       	breq	.+74     	; 0x7d1e <main+0x11e>
    7cd4:	71 d1       	rcall	.+738    	; 0x7fb8 <verifySpace>
    7cd6:	80 e1       	ldi	r24, 0x10	; 16
    7cd8:	5c d1       	rcall	.+696    	; 0x7f92 <putch>
    7cda:	62 d1       	rcall	.+708    	; 0x7fa0 <getch>
    7cdc:	81 34       	cpi	r24, 0x41	; 65
    7cde:	39 f7       	brne	.-50     	; 0x7cae <main+0xae>
    7ce0:	5f d1       	rcall	.+702    	; 0x7fa0 <getch>
    7ce2:	c8 2f       	mov	r28, r24
    7ce4:	69 d1       	rcall	.+722    	; 0x7fb8 <verifySpace>
    7ce6:	c2 38       	cpi	r28, 0x82	; 130
    7ce8:	71 f0       	breq	.+28     	; 0x7d06 <main+0x106>
    7cea:	c1 38       	cpi	r28, 0x81	; 129
    7cec:	09 f4       	brne	.+2      	; 0x7cf0 <main+0xf0>
    7cee:	ff c0       	rjmp	.+510    	; 0x7eee <main+0x2ee>
    7cf0:	83 e0       	ldi	r24, 0x03	; 3
    7cf2:	4f d1       	rcall	.+670    	; 0x7f92 <putch>
    7cf4:	f0 cf       	rjmp	.-32     	; 0x7cd6 <main+0xd6>
    7cf6:	84 e1       	ldi	r24, 0x14	; 20
    7cf8:	6b d1       	rcall	.+726    	; 0x7fd0 <getNch>
    7cfa:	ed cf       	rjmp	.-38     	; 0x7cd6 <main+0xd6>
    7cfc:	85 e0       	ldi	r24, 0x05	; 5
    7cfe:	68 d1       	rcall	.+720    	; 0x7fd0 <getNch>
    7d00:	ea cf       	rjmp	.-44     	; 0x7cd6 <main+0xd6>
    7d02:	84 e0       	ldi	r24, 0x04	; 4
    7d04:	65 d1       	rcall	.+714    	; 0x7fd0 <getNch>
    7d06:	80 e0       	ldi	r24, 0x00	; 0
    7d08:	44 d1       	rcall	.+648    	; 0x7f92 <putch>
    7d0a:	e5 cf       	rjmp	.-54     	; 0x7cd6 <main+0xd6>
    7d0c:	49 d1       	rcall	.+658    	; 0x7fa0 <getch>
    7d0e:	08 2f       	mov	r16, r24
    7d10:	47 d1       	rcall	.+654    	; 0x7fa0 <getch>
    7d12:	10 e0       	ldi	r17, 0x00	; 0
    7d14:	18 2b       	or	r17, r24
    7d16:	00 0f       	add	r16, r16
    7d18:	11 1f       	adc	r17, r17
    7d1a:	4e d1       	rcall	.+668    	; 0x7fb8 <verifySpace>
    7d1c:	dc cf       	rjmp	.-72     	; 0x7cd6 <main+0xd6>
    7d1e:	88 e1       	ldi	r24, 0x18	; 24
    7d20:	80 93 60 00 	sts	0x0060, r24	; 0x800060 <__TEXT_REGION_LENGTH__+0x7e0060>
    7d24:	8c e0       	ldi	r24, 0x0C	; 12
    7d26:	80 93 60 00 	sts	0x0060, r24	; 0x800060 <__TEXT_REGION_LENGTH__+0x7e0060>
    7d2a:	46 d1       	rcall	.+652    	; 0x7fb8 <verifySpace>
    7d2c:	d4 cf       	rjmp	.-88     	; 0x7cd6 <main+0xd6>
    7d2e:	38 d1       	rcall	.+624    	; 0x7fa0 <getch>
    7d30:	c8 2f       	mov	r28, r24
    7d32:	36 d1       	rcall	.+620    	; 0x7fa0 <getch>
    7d34:	8c 2e       	mov	r8, r28
    7d36:	91 2c       	mov	r9, r1
    7d38:	98 2c       	mov	r9, r8
    7d3a:	88 24       	eor	r8, r8
    7d3c:	88 0e       	add	r8, r24
    7d3e:	91 1c       	adc	r9, r1
    7d40:	2f d1       	rcall	.+606    	; 0x7fa0 <getch>
    7d42:	68 2e       	mov	r6, r24
    7d44:	54 01       	movw	r10, r8
    7d46:	c0 e0       	ldi	r28, 0x00	; 0
    7d48:	d1 e0       	ldi	r29, 0x01	; 1
    7d4a:	2a d1       	rcall	.+596    	; 0x7fa0 <getch>
    7d4c:	89 93       	st	Y+, r24
    7d4e:	21 e0       	ldi	r18, 0x01	; 1
    7d50:	a2 1a       	sub	r10, r18
    7d52:	b1 08       	sbc	r11, r1
    7d54:	d1 f7       	brne	.-12     	; 0x7d4a <main+0x14a>
    7d56:	11 bc       	out	0x21, r1	; 33
    7d58:	12 bd       	out	0x22, r17	; 34
    7d5a:	82 b5       	in	r24, 0x22	; 34
    7d5c:	86 95       	lsr	r24
    7d5e:	86 95       	lsr	r24
    7d60:	b2 01       	movw	r22, r4
    7d62:	a1 01       	movw	r20, r2
    7d64:	08 2e       	mov	r0, r24
    7d66:	04 c0       	rjmp	.+8      	; 0x7d70 <main+0x170>
    7d68:	76 95       	lsr	r23
    7d6a:	67 95       	ror	r22
    7d6c:	57 95       	ror	r21
    7d6e:	47 95       	ror	r20
    7d70:	0a 94       	dec	r0
    7d72:	d2 f7       	brpl	.-12     	; 0x7d68 <main+0x168>
    7d74:	40 fd       	sbrc	r20, 0
    7d76:	04 c0       	rjmp	.+8      	; 0x7d80 <main+0x180>
    7d78:	36 e4       	ldi	r19, 0x46	; 70
    7d7a:	63 16       	cp	r6, r19
    7d7c:	09 f4       	brne	.+2      	; 0x7d80 <main+0x180>
    7d7e:	e7 c0       	rjmp	.+462    	; 0x7f4e <main+0x34e>
    7d80:	1b d1       	rcall	.+566    	; 0x7fb8 <verifySpace>
    7d82:	35 e4       	ldi	r19, 0x45	; 69
    7d84:	63 16       	cp	r6, r19
    7d86:	09 f4       	brne	.+2      	; 0x7d8a <main+0x18a>
    7d88:	c0 c0       	rjmp	.+384    	; 0x7f0a <main+0x30a>
    7d8a:	01 15       	cp	r16, r1
    7d8c:	11 05       	cpc	r17, r1
    7d8e:	a1 f5       	brne	.+104    	; 0x7df8 <main+0x1f8>
    7d90:	20 91 00 01 	lds	r18, 0x0100	; 0x800100 <_edata>
    7d94:	30 91 01 01 	lds	r19, 0x0101	; 0x800101 <_edata+0x1>
    7d98:	30 93 85 01 	sts	0x0185, r19	; 0x800185 <_edata+0x85>
    7d9c:	20 93 84 01 	sts	0x0184, r18	; 0x800184 <_edata+0x84>
    7da0:	80 91 02 01 	lds	r24, 0x0102	; 0x800102 <_edata+0x2>
    7da4:	90 91 03 01 	lds	r25, 0x0103	; 0x800103 <_edata+0x3>
    7da8:	90 93 87 01 	sts	0x0187, r25	; 0x800187 <_edata+0x87>
    7dac:	80 93 86 01 	sts	0x0186, r24	; 0x800186 <_edata+0x86>
    7db0:	40 91 18 01 	lds	r20, 0x0118	; 0x800118 <_edata+0x18>
    7db4:	50 91 19 01 	lds	r21, 0x0119	; 0x800119 <_edata+0x19>
    7db8:	50 93 89 01 	sts	0x0189, r21	; 0x800189 <_edata+0x89>
    7dbc:	40 93 88 01 	sts	0x0188, r20	; 0x800188 <_edata+0x88>
    7dc0:	40 91 1a 01 	lds	r20, 0x011A	; 0x80011a <_edata+0x1a>
    7dc4:	50 91 1b 01 	lds	r21, 0x011B	; 0x80011b <_edata+0x1b>
    7dc8:	50 93 8b 01 	sts	0x018B, r21	; 0x80018b <_edata+0x8b>
    7dcc:	40 93 8a 01 	sts	0x018A, r20	; 0x80018a <_edata+0x8a>
    7dd0:	30 93 19 01 	sts	0x0119, r19	; 0x800119 <_edata+0x19>
    7dd4:	20 93 18 01 	sts	0x0118, r18	; 0x800118 <_edata+0x18>
    7dd8:	90 93 1b 01 	sts	0x011B, r25	; 0x80011b <_edata+0x1b>
    7ddc:	80 93 1a 01 	sts	0x011A, r24	; 0x80011a <_edata+0x1a>
    7de0:	4c e0       	ldi	r20, 0x0C	; 12
    7de2:	54 e9       	ldi	r21, 0x94	; 148
    7de4:	50 93 01 01 	sts	0x0101, r21	; 0x800101 <_edata+0x1>
    7de8:	40 93 00 01 	sts	0x0100, r20	; 0x800100 <_edata>
    7dec:	80 e0       	ldi	r24, 0x00	; 0
    7dee:	9e e3       	ldi	r25, 0x3E	; 62
    7df0:	90 93 03 01 	sts	0x0103, r25	; 0x800103 <_edata+0x3>
    7df4:	80 93 02 01 	sts	0x0102, r24	; 0x800102 <_edata+0x2>
    7df8:	80 2f       	mov	r24, r16
    7dfa:	20 e8       	ldi	r18, 0x80	; 128
    7dfc:	20 0f       	add	r18, r16
    7dfe:	e0 e0       	ldi	r30, 0x00	; 0
    7e00:	f1 e0       	ldi	r31, 0x01	; 1
    7e02:	11 bc       	out	0x21, r1	; 33
    7e04:	90 81       	ld	r25, Z
    7e06:	90 bd       	out	0x20, r25	; 32
    7e08:	e1 bc       	out	0x21, r14	; 33
    7e0a:	91 81       	ldd	r25, Z+1	; 0x01
    7e0c:	90 bd       	out	0x20, r25	; 32
    7e0e:	f1 bc       	out	0x21, r15	; 33
    7e10:	92 81       	ldd	r25, Z+2	; 0x02
    7e12:	90 bd       	out	0x20, r25	; 32
    7e14:	71 bc       	out	0x21, r7	; 33
    7e16:	93 81       	ldd	r25, Z+3	; 0x03
    7e18:	90 bd       	out	0x20, r25	; 32
    7e1a:	81 bd       	out	0x21, r24	; 33
    7e1c:	cf ba       	out	0x1f, r12	; 31
    7e1e:	df ba       	out	0x1f, r13	; 31
    7e20:	34 96       	adiw	r30, 0x04	; 4
    7e22:	8c 5f       	subi	r24, 0xFC	; 252
    7e24:	28 13       	cpse	r18, r24
    7e26:	ed cf       	rjmp	.-38     	; 0x7e02 <main+0x202>
    7e28:	56 cf       	rjmp	.-340    	; 0x7cd6 <main+0xd6>
    7e2a:	ba d0       	rcall	.+372    	; 0x7fa0 <getch>
    7e2c:	88 2e       	mov	r8, r24
    7e2e:	91 2c       	mov	r9, r1
    7e30:	98 2c       	mov	r9, r8
    7e32:	88 24       	eor	r8, r8
    7e34:	b5 d0       	rcall	.+362    	; 0x7fa0 <getch>
    7e36:	88 0e       	add	r8, r24
    7e38:	91 1c       	adc	r9, r1
    7e3a:	b2 d0       	rcall	.+356    	; 0x7fa0 <getch>
    7e3c:	c8 2f       	mov	r28, r24
    7e3e:	bc d0       	rcall	.+376    	; 0x7fb8 <verifySpace>
    7e40:	c5 34       	cpi	r28, 0x45	; 69
    7e42:	99 f1       	breq	.+102    	; 0x7eaa <main+0x2aa>
    7e44:	54 01       	movw	r10, r8
    7e46:	e8 01       	movw	r28, r16
    7e48:	0a c0       	rjmp	.+20     	; 0x7e5e <main+0x25e>
    7e4a:	80 91 84 01 	lds	r24, 0x0184	; 0x800184 <_edata+0x84>
    7e4e:	90 91 85 01 	lds	r25, 0x0185	; 0x800185 <_edata+0x85>
    7e52:	21 96       	adiw	r28, 0x01	; 1
    7e54:	9e d0       	rcall	.+316    	; 0x7f92 <putch>
    7e56:	f1 e0       	ldi	r31, 0x01	; 1
    7e58:	af 1a       	sub	r10, r31
    7e5a:	b1 08       	sbc	r11, r1
    7e5c:	c1 f1       	breq	.+112    	; 0x7ece <main+0x2ce>
    7e5e:	20 97       	sbiw	r28, 0x00	; 0
    7e60:	a1 f3       	breq	.-24     	; 0x7e4a <main+0x24a>
    7e62:	c1 30       	cpi	r28, 0x01	; 1
    7e64:	d1 05       	cpc	r29, r1
    7e66:	d9 f0       	breq	.+54     	; 0x7e9e <main+0x29e>
    7e68:	c2 30       	cpi	r28, 0x02	; 2
    7e6a:	d1 05       	cpc	r29, r1
    7e6c:	09 f4       	brne	.+2      	; 0x7e70 <main+0x270>
    7e6e:	3a c0       	rjmp	.+116    	; 0x7ee4 <main+0x2e4>
    7e70:	c3 30       	cpi	r28, 0x03	; 3
    7e72:	d1 05       	cpc	r29, r1
    7e74:	09 f4       	brne	.+2      	; 0x7e78 <main+0x278>
    7e76:	3e c0       	rjmp	.+124    	; 0x7ef4 <main+0x2f4>
    7e78:	c8 31       	cpi	r28, 0x18	; 24
    7e7a:	d1 05       	cpc	r29, r1
    7e7c:	09 f4       	brne	.+2      	; 0x7e80 <main+0x280>
    7e7e:	40 c0       	rjmp	.+128    	; 0x7f00 <main+0x300>
    7e80:	c9 31       	cpi	r28, 0x19	; 25
    7e82:	d1 05       	cpc	r29, r1
    7e84:	09 f4       	brne	.+2      	; 0x7e88 <main+0x288>
    7e86:	58 c0       	rjmp	.+176    	; 0x7f38 <main+0x338>
    7e88:	ca 31       	cpi	r28, 0x1A	; 26
    7e8a:	d1 05       	cpc	r29, r1
    7e8c:	09 f4       	brne	.+2      	; 0x7e90 <main+0x290>
    7e8e:	5a c0       	rjmp	.+180    	; 0x7f44 <main+0x344>
    7e90:	cb 31       	cpi	r28, 0x1B	; 27
    7e92:	d1 05       	cpc	r29, r1
    7e94:	09 f4       	brne	.+2      	; 0x7e98 <main+0x298>
    7e96:	72 c0       	rjmp	.+228    	; 0x7f7c <main+0x37c>
    7e98:	fe 01       	movw	r30, r28
    7e9a:	84 91       	lpm	r24, Z
    7e9c:	da cf       	rjmp	.-76     	; 0x7e52 <main+0x252>
    7e9e:	80 91 84 01 	lds	r24, 0x0184	; 0x800184 <_edata+0x84>
    7ea2:	90 91 85 01 	lds	r25, 0x0185	; 0x800185 <_edata+0x85>
    7ea6:	89 2f       	mov	r24, r25
    7ea8:	d4 cf       	rjmp	.-88     	; 0x7e52 <main+0x252>
    7eaa:	60 2e       	mov	r6, r16
    7eac:	54 01       	movw	r10, r8
    7eae:	e8 01       	movw	r28, r16
    7eb0:	21 96       	adiw	r28, 0x01	; 1
    7eb2:	61 bc       	out	0x21, r6	; 33
    7eb4:	d2 bd       	out	0x22, r29	; 34
    7eb6:	ef ba       	out	0x1f, r14	; 31
    7eb8:	00 00       	nop
    7eba:	00 00       	nop
    7ebc:	80 b5       	in	r24, 0x20	; 32
    7ebe:	69 d0       	rcall	.+210    	; 0x7f92 <putch>
    7ec0:	e1 e0       	ldi	r30, 0x01	; 1
    7ec2:	ae 1a       	sub	r10, r30
    7ec4:	b1 08       	sbc	r11, r1
    7ec6:	63 94       	inc	r6
    7ec8:	a1 14       	cp	r10, r1
    7eca:	b1 04       	cpc	r11, r1
    7ecc:	89 f7       	brne	.-30     	; 0x7eb0 <main+0x2b0>
    7ece:	08 0d       	add	r16, r8
    7ed0:	19 1d       	adc	r17, r9
    7ed2:	01 cf       	rjmp	.-510    	; 0x7cd6 <main+0xd6>
    7ed4:	71 d0       	rcall	.+226    	; 0x7fb8 <verifySpace>
    7ed6:	8e e1       	ldi	r24, 0x1E	; 30
    7ed8:	5c d0       	rcall	.+184    	; 0x7f92 <putch>
    7eda:	85 e9       	ldi	r24, 0x95	; 149
    7edc:	5a d0       	rcall	.+180    	; 0x7f92 <putch>
    7ede:	8f e0       	ldi	r24, 0x0F	; 15
    7ee0:	58 d0       	rcall	.+176    	; 0x7f92 <putch>
    7ee2:	f9 ce       	rjmp	.-526    	; 0x7cd6 <main+0xd6>
    7ee4:	80 91 86 01 	lds	r24, 0x0186	; 0x800186 <_edata+0x86>
    7ee8:	90 91 87 01 	lds	r25, 0x0187	; 0x800187 <_edata+0x87>
    7eec:	b2 cf       	rjmp	.-156    	; 0x7e52 <main+0x252>
    7eee:	85 e0       	ldi	r24, 0x05	; 5
    7ef0:	50 d0       	rcall	.+160    	; 0x7f92 <putch>
    7ef2:	f1 ce       	rjmp	.-542    	; 0x7cd6 <main+0xd6>
    7ef4:	80 91 86 01 	lds	r24, 0x0186	; 0x800186 <_edata+0x86>
    7ef8:	90 91 87 01 	lds	r25, 0x0187	; 0x800187 <_edata+0x87>
    7efc:	89 2f       	mov	r24, r25
    7efe:	a9 cf       	rjmp	.-174    	; 0x7e52 <main+0x252>
    7f00:	80 91 88 01 	lds	r24, 0x0188	; 0x800188 <_edata+0x88>
    7f04:	90 91 89 01 	lds	r25, 0x0189	; 0x800189 <_edata+0x89>
    7f08:	a4 cf       	rjmp	.-184    	; 0x7e52 <main+0x252>
    7f0a:	81 14       	cp	r8, r1
    7f0c:	91 04       	cpc	r9, r1
    7f0e:	09 f4       	brne	.+2      	; 0x7f12 <main+0x312>
    7f10:	e2 ce       	rjmp	.-572    	; 0x7cd6 <main+0xd6>
    7f12:	80 2f       	mov	r24, r16
    7f14:	80 0e       	add	r8, r16
    7f16:	91 1e       	adc	r9, r17
    7f18:	e0 e0       	ldi	r30, 0x00	; 0
    7f1a:	f1 e0       	ldi	r31, 0x01	; 1
    7f1c:	24 e0       	ldi	r18, 0x04	; 4
    7f1e:	0f 5f       	subi	r16, 0xFF	; 255
    7f20:	1f 4f       	sbci	r17, 0xFF	; 255
    7f22:	81 bd       	out	0x21, r24	; 33
    7f24:	12 bd       	out	0x22, r17	; 34
    7f26:	91 91       	ld	r25, Z+
    7f28:	90 bd       	out	0x20, r25	; 32
    7f2a:	2f bb       	out	0x1f, r18	; 31
    7f2c:	ff ba       	out	0x1f, r15	; 31
    7f2e:	8f 5f       	subi	r24, 0xFF	; 255
    7f30:	80 16       	cp	r8, r16
    7f32:	91 06       	cpc	r9, r17
    7f34:	a1 f7       	brne	.-24     	; 0x7f1e <main+0x31e>
    7f36:	cf ce       	rjmp	.-610    	; 0x7cd6 <main+0xd6>
    7f38:	80 91 88 01 	lds	r24, 0x0188	; 0x800188 <_edata+0x88>
    7f3c:	90 91 89 01 	lds	r25, 0x0189	; 0x800189 <_edata+0x89>
    7f40:	89 2f       	mov	r24, r25
    7f42:	87 cf       	rjmp	.-242    	; 0x7e52 <main+0x252>
    7f44:	80 91 8a 01 	lds	r24, 0x018A	; 0x80018a <_edata+0x8a>
    7f48:	90 91 8b 01 	lds	r25, 0x018B	; 0x80018b <_edata+0x8b>
    7f4c:	82 cf       	rjmp	.-252    	; 0x7e52 <main+0x252>
    7f4e:	21 e0       	ldi	r18, 0x01	; 1
    7f50:	30 e0       	ldi	r19, 0x00	; 0
    7f52:	40 e0       	ldi	r20, 0x00	; 0
    7f54:	50 e0       	ldi	r21, 0x00	; 0
    7f56:	04 c0       	rjmp	.+8      	; 0x7f60 <main+0x360>
    7f58:	22 0f       	add	r18, r18
    7f5a:	33 1f       	adc	r19, r19
    7f5c:	44 1f       	adc	r20, r20
    7f5e:	55 1f       	adc	r21, r21
    7f60:	8a 95       	dec	r24
    7f62:	d2 f7       	brpl	.-12     	; 0x7f58 <main+0x358>
    7f64:	22 2a       	or	r2, r18
    7f66:	33 2a       	or	r3, r19
    7f68:	44 2a       	or	r4, r20
    7f6a:	55 2a       	or	r5, r21
    7f6c:	84 e9       	ldi	r24, 0x94	; 148
    7f6e:	8f bb       	out	0x1f, r24	; 31
    7f70:	82 e9       	ldi	r24, 0x92	; 146
    7f72:	8f bb       	out	0x1f, r24	; 31
    7f74:	00 00       	nop
    7f76:	00 00       	nop
    7f78:	1f d0       	rcall	.+62     	; 0x7fb8 <verifySpace>
    7f7a:	07 cf       	rjmp	.-498    	; 0x7d8a <main+0x18a>
    7f7c:	80 91 8a 01 	lds	r24, 0x018A	; 0x80018a <_edata+0x8a>
    7f80:	90 91 8b 01 	lds	r25, 0x018B	; 0x80018b <_edata+0x8b>
    7f84:	89 2f       	mov	r24, r25
    7f86:	65 cf       	rjmp	.-310    	; 0x7e52 <main+0x252>
    7f88:	10 92 66 00 	sts	0x0066, r1	; 0x800066 <__TEXT_REGION_LENGTH__+0x7e0066>
    7f8c:	4c ce       	rjmp	.-872    	; 0x7c26 <main+0x26>
    7f8e:	27 d0       	rcall	.+78     	; 0x7fde <appStart>
    7f90:	40 ce       	rjmp	.-896    	; 0x7c12 <main+0x12>

00007f92 <putch>:
	}
}

void putch(char ch) {
#ifndef SOFT_UART
	while (!(UART_SRA & _BV(UDRE0)));
    7f92:	90 91 c0 00 	lds	r25, 0x00C0	; 0x8000c0 <__TEXT_REGION_LENGTH__+0x7e00c0>
    7f96:	95 ff       	sbrs	r25, 5
    7f98:	fc cf       	rjmp	.-8      	; 0x7f92 <putch>
	UART_UDR = ch;
    7f9a:	80 93 c6 00 	sts	0x00C6, r24	; 0x8000c6 <__TEXT_REGION_LENGTH__+0x7e00c6>
    7f9e:	08 95       	ret

00007fa0 <getch>:
			[uartBit] "I" (UART_RX_BIT)
			:
				"r25"
					);
#else
	while(!(UART_SRA & _BV(RXC0)))
    7fa0:	80 91 c0 00 	lds	r24, 0x00C0	; 0x8000c0 <__TEXT_REGION_LENGTH__+0x7e00c0>
    7fa4:	87 ff       	sbrs	r24, 7
    7fa6:	fc cf       	rjmp	.-8      	; 0x7fa0 <getch>
		;
	if (!(UART_SRA & _BV(FE0))) {
    7fa8:	80 91 c0 00 	lds	r24, 0x00C0	; 0x8000c0 <__TEXT_REGION_LENGTH__+0x7e00c0>
    7fac:	84 fd       	sbrc	r24, 4
    7fae:	01 c0       	rjmp	.+2      	; 0x7fb2 <getch+0x12>
}
#endif

// Watchdog functions. These are only safe with interrupts turned off.
static void watchdogReset() {
	__asm__ __volatile__ (
    7fb0:	a8 95       	wdr
		 * don't care that an invalid char is returned...)
		 */
		watchdogReset();
	}

	ch = UART_UDR;
    7fb2:	80 91 c6 00 	lds	r24, 0x00C6	; 0x8000c6 <__TEXT_REGION_LENGTH__+0x7e00c6>
#ifdef LED_DATA_FLASH
	LED_PORT ^= _BV(LED);
#endif

	return ch;
}
    7fb6:	08 95       	ret

00007fb8 <verifySpace>:
	do getch(); while (--count);
	verifySpace();
}

static void verifySpace() {
	if (getch() != CRC_EOP) {
    7fb8:	f3 df       	rcall	.-26     	; 0x7fa0 <getch>
    7fba:	80 32       	cpi	r24, 0x20	; 32
    7fbc:	39 f0       	breq	.+14     	; 0x7fcc <verifySpace+0x14>
			);
}

void watchdogConfig(uint8_t x) {
#if 1
	WDTCSR = _BV(WDCE) | _BV(WDE);
    7fbe:	88 e1       	ldi	r24, 0x18	; 24
    7fc0:	80 93 60 00 	sts	0x0060, r24	; 0x800060 <__TEXT_REGION_LENGTH__+0x7e0060>
	WDTCSR = x;
    7fc4:	8d e0       	ldi	r24, 0x0D	; 13
    7fc6:	80 93 60 00 	sts	0x0060, r24	; 0x800060 <__TEXT_REGION_LENGTH__+0x7e0060>
    7fca:	ff cf       	rjmp	.-2      	; 0x7fca <verifySpace+0x12>
	if (getch() != CRC_EOP) {
		watchdogConfig(WATCHDOG_32MS);    // shorten WD timeout
		while (1)			      // and busy-loop so that WD causes
			;				      //  a reset and app start.
	}
	putch(STK_INSYNC);
    7fcc:	84 e1       	ldi	r24, 0x14	; 20
    7fce:	e1 cf       	rjmp	.-62     	; 0x7f92 <putch>

00007fd0 <getNch>:
			::[count] "M" (UART_B_VALUE)
			);
}
#endif

static void getNch(uint8_t count) {
    7fd0:	cf 93       	push	r28
	do getch(); while (--count);
    7fd2:	c8 2f       	mov	r28, r24
    7fd4:	e5 df       	rcall	.-54     	; 0x7fa0 <getch>
    7fd6:	c1 50       	subi	r28, 0x01	; 1
	verifySpace();
}
    7fd8:	e9 f7       	brne	.-6      	; 0x7fd4 <getNch+0x4>
}
#endif

static void getNch(uint8_t count) {
	do getch(); while (--count);
	verifySpace();
    7fda:	cf 91       	pop	r28
    7fdc:	ed cf       	rjmp	.-38     	; 0x7fb8 <verifySpace>

00007fde <appStart>:
			);
}

void watchdogConfig(uint8_t x) {
#if 1
	WDTCSR = _BV(WDCE) | _BV(WDE);
    7fde:	e0 e6       	ldi	r30, 0x60	; 96
    7fe0:	f0 e0       	ldi	r31, 0x00	; 0
    7fe2:	98 e1       	ldi	r25, 0x18	; 24
    7fe4:	90 83       	st	Z, r25
	WDTCSR = x;
    7fe6:	10 82       	st	Z, r1
static void appStart(uint8_t rstFlags) {
	watchdogConfig(WATCHDOG_OFF);
	// save the reset flags in the designated register
	//  This can be saved in a main program by putting code in .init0 (which
	//  executes before normal c init code) to save R2 to a global variable.
	__asm__ __volatile__ ("mov r2, %0\n" :: "r" (rstFlags));
    7fe8:	28 2e       	mov	r2, r24

	__asm__ __volatile__ (
    7fea:	ec e0       	ldi	r30, 0x0C	; 12
    7fec:	ff 27       	eor	r31, r31
    7fee:	09 94       	ijmp
